<ul>
  <li><a href="1.html" class="active">1</a>
  <ul>
    <li><a href="1/a.html">1/a</a></li>
    <li><a href="1/b.html">1/b</a></li>
  </ul></li>
  <li><a href="2.html">2</a></li>
</ul>
