<ul>
  <li><a href="1.html">1</a></li>
  <li><a href="2.html" class="active">2</a>
  <ul>
    <li><a href="2/a.html">2/a</a></li>
    <li><a href="2/b.html">2/b</a></li>
  </ul></li>
</ul>
