<ul>
  <li><a href="1.html">1</a></li>
  <li><a href="2.html">2</a></li>
</ul>
