<ul>
  <li><a href="../../1.html">1</a>
  <ul>
    <li><a href="../../1/a.html">1/a</a>
    <ul>
      <li><a href="../../1/a/i.html">1/a/i</a></li>
      <li><a href="../../1/a/ii.html" class="active">1/a/ii</a></li>
    </ul></li>
    <li><a href="../../1/b.html">1/b</a></li>
  </ul></li>
  <li><a href="../../2.html">2</a></li>
</ul>
